
1. **まずファイルをpush（アップロード）する**


   git init
   git add .
   git commit -m "first commit"
   git branch -M main
   git remote add origin https://github.com/あなたのユーザー名/リポジトリ名.git
   git push -u origin main
   ```

   👉 これで `main` ブランチができて、GitHubに反映されます。

---

2. **GitHub上で直接ファイルを追加する方法（もっと簡単）**

   * GitHub のリポジトリ画面で「Add file → Upload files」を選択。
   * `index.html` を最低1つアップロードしてコミットする。
   * すると自動的に `main` ブランチが作成されます。

---

3. **再度 GitHub Pages の設定を開く**

   * Settings → Pages
   * Branch のプルダウンに `main` が出てくるはず。
   * `/ (root)` を選択して保存。
   * 数分後に `https://ユーザー名.github.io/リポジトリ名/` が有効になります。

---

💡 ポイント

* **ブランチが出ないのは「中身が空っぽ」だから**。
* まず何かしらファイルをコミットして初めて `main` が選べます。

---

👉 ご質問：いまPCに **Git環境（gitコマンド）** ありますか？
それとも **GitHub上で直接ファイルをアップロード**する方法の方が良いですか？

===========================
  git config --global user.email "you@example.com"
  git config --global user.name "Your Name"

## 設定

git config --global user.name "keita"
git config --global user.email "32783655+keita-lib@users.noreply.github.com"

## 確認

PS C:\Users\keita\projects\financial_website> git config user.name 
keita

PS C:\Users\keita\projects\financial_website> git config user.email
32783655+keita-lib@users.noreply.github.com

## コミット
PS C:\Users\keita\projects\financial_website> git commit -m "first commit"
[master (root-commit) 4fb0b91] first commit
 11 files changed, 993 insertions(+)
 create mode 100644 assets/app.js
 create mode 100644 assets/manifest.webmanifest
 create mode 100644 assets/styles.css
 create mode 100644 index.html
 create mode 100644 memo_for_git.txt
 create mode 100644 pages/faq.html
 create mode 100644 pages/founder.html
 create mode 100644 pages/founder_detail.html
 create mode 100644 pages/glossary.html
 create mode 100644 pages/simulator.html
 create mode 100644 sw.js


PS C:\Users\keita\projects\financial_website> git branch -M main
PS C:\Users\keita\projects\financial_website> git remote add origin https://github.com/keita-lib/life-money-site.git
PS C:\Users\keita\projects\financial_website> git push -u origin main


PS C:\Users\keita\projects\financial_website> git remote add origin https://github.com/keita-lib/life-money-site.git                     
error: remote origin already exists.
PS C:\Users\keita\projects\financial_website> git remote set-url origin https://github.com/keita-lib/life-money-site.git
PS C:\Users\keita\projects\financial_website> git remote -v   #  確認：fetch/push 両方このURLになっていればOK
origin  https://github.com/keita-lib/life-money-site.git (fetch)
origin  https://github.com/keita-lib/life-money-site.git (push)
PS C:\Users\keita\projects\financial_website> git push -u origin main
info: please complete authentication in your browser...
Enumerating objects: 15, done.
Counting objects: 100% (15/15), done.
Delta compression using up to 24 threads
Compressing objects: 100% (11/11), done.
Writing objects: 100% (15/15), 17.63 KiB | 8.82 MiB/s, done.
Total 15 (delta 0), reused 0 (delta 0), pack-reused 0 (from 0)
To https://github.com/keita-lib/life-money-site.git
 * [new branch]      main -> main
branch 'main' set up to track 'origin/main'.
PS C:\Users\keita\projects\financial_website> 
PS C:\Users\keita\projects\financial_website> 
PS C:\Users\keita\projects\financial_website> git branch
* main
PS C:\Users\keita\projects\financial_website> git status
On branch main
Your branch is up to date with 'origin/main'.

Changes not staged for commit:
  (use "git add <file>..." to update what will be committed)
  (use "git restore <file>..." to discard changes in working directory)
        modified:   memo_for_git.txt

Untracked files:
  (use "git add <file>..." to include in what will be committed)
        "t commit\357\200\242git commit -m \357\200\242first commit\357\200\242qwqq"

no changes added to commit (use "git add" and/or "git commit -a")
PS C:\Users\keita\projects\financial_website> git remote set-url origin https://github.com/keita-lib/life-money-site.git
PS C:\Users\keita\projects\financial_website> git remote -v
origin  https://github.com/keita-lib/life-money-site.git (fetch)
origin  https://github.com/keita-lib/life-money-site.git (push)
PS C:\Users\keita\projects\financial_website> git push -u origin main
