
1. **ã¾ãšãƒ•ã‚¡ã‚¤ãƒ«ã‚’pushï¼ˆã‚¢ãƒƒãƒ—ãƒ­ãƒ¼ãƒ‰ï¼‰ã™ã‚‹**


   git init
   git add .
   git commit -m "first commit"
   git branch -M main
   git remote add origin https://github.com/ã‚ãªãŸã®ãƒ¦ãƒ¼ã‚¶ãƒ¼å/ãƒªãƒã‚¸ãƒˆãƒªå.git
   git push -u origin main
   ```

   ðŸ‘‰ ã“ã‚Œã§ `main` ãƒ–ãƒ©ãƒ³ãƒãŒã§ãã¦ã€GitHubã«åæ˜ ã•ã‚Œã¾ã™ã€‚

---

2. **GitHubä¸Šã§ç›´æŽ¥ãƒ•ã‚¡ã‚¤ãƒ«ã‚’è¿½åŠ ã™ã‚‹æ–¹æ³•ï¼ˆã‚‚ã£ã¨ç°¡å˜ï¼‰**

   * GitHub ã®ãƒªãƒã‚¸ãƒˆãƒªç”»é¢ã§ã€ŒAdd file â†’ Upload filesã€ã‚’é¸æŠžã€‚
   * `index.html` ã‚’æœ€ä½Ž1ã¤ã‚¢ãƒƒãƒ—ãƒ­ãƒ¼ãƒ‰ã—ã¦ã‚³ãƒŸãƒƒãƒˆã™ã‚‹ã€‚
   * ã™ã‚‹ã¨è‡ªå‹•çš„ã« `main` ãƒ–ãƒ©ãƒ³ãƒãŒä½œæˆã•ã‚Œã¾ã™ã€‚

---

3. **å†åº¦ GitHub Pages ã®è¨­å®šã‚’é–‹ã**

   * Settings â†’ Pages
   * Branch ã®ãƒ—ãƒ«ãƒ€ã‚¦ãƒ³ã« `main` ãŒå‡ºã¦ãã‚‹ã¯ãšã€‚
   * `/ (root)` ã‚’é¸æŠžã—ã¦ä¿å­˜ã€‚
   * æ•°åˆ†å¾Œã« `https://ãƒ¦ãƒ¼ã‚¶ãƒ¼å.github.io/ãƒªãƒã‚¸ãƒˆãƒªå/` ãŒæœ‰åŠ¹ã«ãªã‚Šã¾ã™ã€‚

---

ðŸ’¡ ãƒã‚¤ãƒ³ãƒˆ

* **ãƒ–ãƒ©ãƒ³ãƒãŒå‡ºãªã„ã®ã¯ã€Œä¸­èº«ãŒç©ºã£ã½ã€ã ã‹ã‚‰**ã€‚
* ã¾ãšä½•ã‹ã—ã‚‰ãƒ•ã‚¡ã‚¤ãƒ«ã‚’ã‚³ãƒŸãƒƒãƒˆã—ã¦åˆã‚ã¦ `main` ãŒé¸ã¹ã¾ã™ã€‚

---

ðŸ‘‰ ã”è³ªå•ï¼šã„ã¾PCã« **Gitç’°å¢ƒï¼ˆgitã‚³ãƒžãƒ³ãƒ‰ï¼‰** ã‚ã‚Šã¾ã™ã‹ï¼Ÿ
ãã‚Œã¨ã‚‚ **GitHubä¸Šã§ç›´æŽ¥ãƒ•ã‚¡ã‚¤ãƒ«ã‚’ã‚¢ãƒƒãƒ—ãƒ­ãƒ¼ãƒ‰**ã™ã‚‹æ–¹æ³•ã®æ–¹ãŒè‰¯ã„ã§ã™ã‹ï¼Ÿ

===========================
  git config --global user.email "you@example.com"
  git config --global user.name "Your Name"

## è¨­å®š

git config --global user.name "keita"
git config --global user.email "32783655+keita-lib@users.noreply.github.com"

## ç¢ºèª

PS C:\Users\keita\projects\financial_website> git config user.name 
keita

PS C:\Users\keita\projects\financial_website> git config user.email
32783655+keita-lib@users.noreply.github.com

## ã‚³ãƒŸãƒƒãƒˆ
PS C:\Users\keita\projects\financial_website> git commit -m "first commit"
[master (root-commit) 4fb0b91] first commit
 11 files changed, 993 insertions(+)
 create mode 100644 assets/app.js
 create mode 100644 assets/manifest.webmanifest
 create mode 100644 assets/styles.css
 create mode 100644 index.html
 create mode 100644 memo_for_git.txt
 create mode 100644 pages/faq.html
 create mode 100644 pages/founder.html
 create mode 100644 pages/founder_detail.html
 create mode 100644 pages/glossary.html
 create mode 100644 pages/simulator.html
 create mode 100644 sw.js


PS C:\Users\keita\projects\financial_website> git branch -M main
PS C:\Users\keita\projects\financial_website> git remote add origin https://github.com/keita-lib/life-money-site.git
PS C:\Users\keita\projects\financial_website> git push -u origin main


PS C:\Users\keita\projects\financial_website> git remote add origin https://github.com/keita-lib/life-money-site.git                     
error: remote origin already exists.
PS C:\Users\keita\projects\financial_website> git remote set-url origin https://github.com/keita-lib/life-money-site.git
PS C:\Users\keita\projects\financial_website> git remote -v   #  ç¢ºèªï¼šfetch/push ä¸¡æ–¹ã“ã®URLã«ãªã£ã¦ã„ã‚Œã°OK
origin  https://github.com/keita-lib/life-money-site.git (fetch)
origin  https://github.com/keita-lib/life-money-site.git (push)
PS C:\Users\keita\projects\financial_website> git push -u origin main
info: please complete authentication in your browser...
Enumerating objects: 15, done.
Counting objects: 100% (15/15), done.
Delta compression using up to 24 threads
Compressing objects: 100% (11/11), done.
Writing objects: 100% (15/15), 17.63 KiB | 8.82 MiB/s, done.
Total 15 (delta 0), reused 0 (delta 0), pack-reused 0 (from 0)
To https://github.com/keita-lib/life-money-site.git
 * [new branch]      main -> main
branch 'main' set up to track 'origin/main'.
PS C:\Users\keita\projects\financial_website> 
PS C:\Users\keita\projects\financial_website> 
PS C:\Users\keita\projects\financial_website> git branch
* main
PS C:\Users\keita\projects\financial_website> git status
On branch main
Your branch is up to date with 'origin/main'.

Changes not staged for commit:
  (use "git add <file>..." to update what will be committed)
  (use "git restore <file>..." to discard changes in working directory)
        modified:   memo_for_git.txt

Untracked files:
  (use "git add <file>..." to include in what will be committed)
        "t commit\357\200\242git commit -m \357\200\242first commit\357\200\242qwqq"

no changes added to commit (use "git add" and/or "git commit -a")
PS C:\Users\keita\projects\financial_website> git remote set-url origin https://github.com/keita-lib/life-money-site.git
PS C:\Users\keita\projects\financial_website> git remote -v
origin  https://github.com/keita-lib/life-money-site.git (fetch)
origin  https://github.com/keita-lib/life-money-site.git (push)
PS C:\Users\keita\projects\financial_website> git push -u origin main
